
> web-logika@1.0.0 test
> jest

node.exe : PASS __tests__/setup.test.ts
En línea: 1 Carácter: 1
+ & "C:\Program Files\nodejs/node.exe" "C:\Program Files\nodejs/node_mo ...
+ ~~~~~~~~~~~~~~~~~~~~~~~~~~~~~~~~~~~~~~~~~~~~~~~~~~~~~~~~~~~~~~~~~~~~~
    + CategoryInfo          : NotSpecified: (PASS __tests__/setup.test.ts:Stri 
   ng) [], RemoteException
    + FullyQualifiedErrorId : NativeCommandError
 
FAIL components/ui/WhatsAppLink.test.ts
  ÔùÅ WhatsAppLink Utility ÔÇ║ buildWhatsAppUrl ÔÇ║ Property Tests ÔÇ║ should 
correctly encode any message string

    Property failed after 14 tests
    { seed: 1882973620, path: "13:1:0:0:0:0:0:1:1:1:1:3:1:1", endOnFailure: 
true }
    Counterexample: ["!","   #   "]
    Shrunk 13 time(s)

    Hint: Enable verbose mode in order to have the list of all failing values 
encountered during the run

    [0m [90m 66 |[39m       [90m// Validates: Requirements 3.6, 6.2[39m
     [90m 67 |[39m       it([32m'should correctly encode any message 
string'[39m[33m,[39m () [33m=>[39m {
    [31m[1m>[22m[39m[90m 68 |[39m         fc[33m.[39massert(
     [90m    |[39m            [31m[1m^[22m[39m
     [90m 69 |[39m           fc[33m.[39mproperty(
     [90m 70 |[39m             fc[33m.[39mstring({ minLength[33m:[39m 
[35m1[39m[33m,[39m maxLength[33m:[39m [35m300[39m })[33m,[39m
     [90m 71 |[39m             fc[33m.[39mstring({ minLength[33m:[39m 
[35m7[39m[33m,[39m maxLength[33m:[39m [35m15[39m })[33m,[39m[0m

      at buildError (node_modules/fast-check/lib/cjs/fast-check.js:2456:16)
      at throwIfFailed (node_modules/fast-check/lib/cjs/fast-check.js:2463:8)
      at reportRunDetails 
(node_modules/fast-check/lib/cjs/fast-check.js:2479:14)
      at Module.assert (node_modules/fast-check/lib/cjs/fast-check.js:2536:7)
      at Object.assert (components/ui/WhatsAppLink.test.ts:68:12)

    Cause:
    expect(received).toBe(expected) // Object.is equality

    Expected: "!"
    Received: null

    [0m [90m 84 |[39m               [90m// For non-empty messages, should 
match[39m
     [90m 85 |[39m               [36mif[39m 
(message[33m.[39mtrim()[33m.[39mlength [33m>[39m [35m0[39m) {
    [31m[1m>[22m[39m[90m 86 |[39m                 
expect(textParam)[33m.[39mtoBe(message)[33m;[39m
     [90m    |[39m                                   [31m[1m^[22m[39m
     [90m 87 |[39m               }
     [90m 88 |[39m             }
     [90m 89 |[39m           )[33m,[39m[0m

      at toBe (components/ui/WhatsAppLink.test.ts:86:35)
      at Property.predicate 
(node_modules/fast-check/lib/cjs/fast-check.js:1348:99)
      at Property.run (node_modules/fast-check/lib/cjs/fast-check.js:1317:24)
      at runIt (node_modules/fast-check/lib/cjs/fast-check.js:2499:24)
      at check (node_modules/fast-check/lib/cjs/fast-check.js:2531:204)
      at Module.assert (node_modules/fast-check/lib/cjs/fast-check.js:2534:14)
      at Object.assert (components/ui/WhatsAppLink.test.ts:68:12)

  ÔùÅ WhatsAppLink Utility ÔÇ║ buildWhatsAppUrl ÔÇ║ Property Tests ÔÇ║ should 
preserve message content after URL encoding/decoding

    Property failed after 1 tests
    { seed: -1322503976, path: "0:0:0:0:0:0:0:0:0:5:0:0:0", endOnFailure: true 
}
    Counterexample: [" ","     ?    "]
    Shrunk 12 time(s)

    Hint: Enable verbose mode in order to have the list of all failing values 
encountered during the run

    [0m [90m 108 |[39m
     [90m 109 |[39m       it([32m'should preserve message content after URL 
encoding/decoding'[39m[33m,[39m () [33m=>[39m {
    [31m[1m>[22m[39m[90m 110 |[39m         fc[33m.[39massert(
     [90m     |[39m            [31m[1m^[22m[39m
     [90m 111 |[39m           fc[33m.[39mproperty(
     [90m 112 |[39m             fc[33m.[39mstring({ minLength[33m:[39m 
[35m1[39m[33m,[39m maxLength[33m:[39m [35m200[39m })[33m,[39m
     [90m 113 |[39m             fc[33m.[39mstring({ minLength[33m:[39m 
[35m10[39m[33m,[39m maxLength[33m:[39m [35m15[39m })[33m,[39m[0m

      at buildError (node_modules/fast-check/lib/cjs/fast-check.js:2456:16)
      at throwIfFailed (node_modules/fast-check/lib/cjs/fast-check.js:2463:8)
      at reportRunDetails 
(node_modules/fast-check/lib/cjs/fast-check.js:2479:14)
      at Module.assert (node_modules/fast-check/lib/cjs/fast-check.js:2536:7)
      at Object.assert (components/ui/WhatsAppLink.test.ts:110:12)

    Cause:
    expect(received).toBe(expected) // Object.is equality

    Expected: " "
    Received: null

    [0m [90m 116 |[39m               [36mconst[39m urlObj [33m=[39m 
[36mnew[39m [33mURL[39m(url)[33m;[39m
     [90m 117 |[39m               [36mconst[39m textParam [33m=[39m urlOb
j[33m.[39msearchParams[33m.[39m[36mget[39m([32m'text'[39m)[33m;[39m
    [31m[1m>[22m[39m[90m 118 |[39m               
expect(textParam)[33m.[39mtoBe(message)[33m;[39m
     [90m     |[39m                                 [31m[1m^[22m[39m
     [90m 119 |[39m             }
     [90m 120 |[39m           )[33m,[39m
     [90m 121 |[39m           { numRuns[33m:[39m [35m40[39m }[0m

      at toBe (components/ui/WhatsAppLink.test.ts:118:33)
      at Property.predicate 
(node_modules/fast-check/lib/cjs/fast-check.js:1348:99)
      at Property.run (node_modules/fast-check/lib/cjs/fast-check.js:1317:24)
      at runIt (node_modules/fast-check/lib/cjs/fast-check.js:2499:24)
      at check (node_modules/fast-check/lib/cjs/fast-check.js:2531:204)
      at Module.assert (node_modules/fast-check/lib/cjs/fast-check.js:2534:14)
      at Object.assert (components/ui/WhatsAppLink.test.ts:110:12)

PASS components/layout/WhatsAppButton.test.tsx
FAIL components/layout/Footer.test.tsx
  ÔùÅ Console

    console.error
      Warning: An update to ForwardRef(LinkComponent) inside a test was not 
wrapped in act(...).
      
      When testing, code that causes React state updates should be wrapped 
into act(...):
      
      act(() => {
        /* fire events that update state */
      });
      /* assert on the output */
      
      This ensures that you're testing the behavior the user would see in the 
browser. Learn more at https://reactjs.org/link/wrap-tests-with-act
          at childrenProp (C:\Logika 
Decoracion\Web-Logika\node_modules\next\src\client\link.tsx:300:16)
          at nav
          at div
          at div
          at div
          at footer
          at Footer

      at printWarning 
(node_modules/react-dom/cjs/react-dom.development.js:86:30)
      at error (node_modules/react-dom/cjs/react-dom.development.js:60:7)
      at warnIfUpdatesNotWrappedWithActDEV 
(node_modules/react-dom/cjs/react-dom.development.js:27628:9)
      at scheduleUpdateOnFiber 
(node_modules/react-dom/cjs/react-dom.development.js:25547:5)
      at dispatchSetState 
(node_modules/react-dom/cjs/react-dom.development.js:16708:7)
      at setVisible (node_modules/next/src/client/use-intersection.tsx:125:56)
      at cb (node_modules/next/src/client/request-idle-callback.ts:8:7)
      at Timeout.task [as _onTimeout] 
(node_modules/jsdom/lib/jsdom/browser/Window.js:520:19)

    console.error
      Warning: An update to ForwardRef(LinkComponent) inside a test was not 
wrapped in act(...).
      
      When testing, code that causes React state updates should be wrapped 
into act(...):
      
      act(() => {
        /* fire events that update state */
      });
      /* assert on the output */
      
      This ensures that you're testing the behavior the user would see in the 
browser. Learn more at https://reactjs.org/link/wrap-tests-with-act
          at childrenProp (C:\Logika 
Decoracion\Web-Logika\node_modules\next\src\client\link.tsx:300:16)
          at nav
          at div
          at div
          at div
          at footer
          at Footer

      at printWarning 
(node_modules/react-dom/cjs/react-dom.development.js:86:30)
      at error (node_modules/react-dom/cjs/react-dom.development.js:60:7)
      at warnIfUpdatesNotWrappedWithActDEV 
(node_modules/react-dom/cjs/react-dom.development.js:27628:9)
      at scheduleUpdateOnFiber 
(node_modules/react-dom/cjs/react-dom.development.js:25547:5)
      at dispatchSetState 
(node_modules/react-dom/cjs/react-dom.development.js:16708:7)
      at setVisible (node_modules/next/src/client/use-intersection.tsx:125:56)
      at cb (node_modules/next/src/client/request-idle-callback.ts:8:7)
      at Timeout.task [as _onTimeout] 
(node_modules/jsdom/lib/jsdom/browser/Window.js:520:19)

    console.error
      Warning: An update to ForwardRef(LinkComponent) inside a test was not 
wrapped in act(...).
      
      When testing, code that causes React state updates should be wrapped 
into act(...):
      
      act(() => {
        /* fire events that update state */
      });
      /* assert on the output */
      
      This ensures that you're testing the behavior the user would see in the 
browser. Learn more at https://reactjs.org/link/wrap-tests-with-act
          at childrenProp (C:\Logika 
Decoracion\Web-Logika\node_modules\next\src\client\link.tsx:300:16)
          at nav
          at div
          at div
          at div
          at footer
          at Footer

      at printWarning 
(node_modules/react-dom/cjs/react-dom.development.js:86:30)
      at error (node_modules/react-dom/cjs/react-dom.development.js:60:7)
      at warnIfUpdatesNotWrappedWithActDEV 
(node_modules/react-dom/cjs/react-dom.development.js:27628:9)
      at scheduleUpdateOnFiber 
(node_modules/react-dom/cjs/react-dom.development.js:25547:5)
      at dispatchSetState 
(node_modules/react-dom/cjs/react-dom.development.js:16708:7)
      at setVisible (node_modules/next/src/client/use-intersection.tsx:125:56)
      at cb (node_modules/next/src/client/request-idle-callback.ts:8:7)
      at Timeout.task [as _onTimeout] 
(node_modules/jsdom/lib/jsdom/browser/Window.js:520:19)

    console.error
      Warning: An update to ForwardRef(LinkComponent) inside a test was not 
wrapped in act(...).
      
      When testing, code that causes React state updates should be wrapped 
into act(...):
      
      act(() => {
        /* fire events that update state */
      });
      /* assert on the output */
      
      This ensures that you're testing the behavior the user would see in the 
browser. Learn more at https://reactjs.org/link/wrap-tests-with-act
          at childrenProp (C:\Logika 
Decoracion\Web-Logika\node_modules\next\src\client\link.tsx:300:16)
          at nav
          at div
          at div
          at div
          at footer
          at Footer

      at printWarning 
(node_modules/react-dom/cjs/react-dom.development.js:86:30)
      at error (node_modules/react-dom/cjs/react-dom.development.js:60:7)
      at warnIfUpdatesNotWrappedWithActDEV 
(node_modules/react-dom/cjs/react-dom.development.js:27628:9)
      at scheduleUpdateOnFiber 
(node_modules/react-dom/cjs/react-dom.development.js:25547:5)
      at dispatchSetState 
(node_modules/react-dom/cjs/react-dom.development.js:16708:7)
      at setVisible (node_modules/next/src/client/use-intersection.tsx:125:56)
      at cb (node_modules/next/src/client/request-idle-callback.ts:8:7)
      at Timeout.task [as _onTimeout] 
(node_modules/jsdom/lib/jsdom/browser/Window.js:520:19)

  ÔùÅ Footer Component ÔÇ║ Sections ÔÇ║ should render Contact section

    TestingLibraryElementError: Found multiple elements with the text: 
/Contacto/i

    Here are the matching elements:

    Ignored nodes: comments, script, style
    [36m<a[39m
      [33mclass[39m=[32m"text-sm text-gray-300 hover:text-accent 
transition-colors duration-200 focus:outline-none focus:ring-2 
focus:ring-accent focus:ring-offset-2 focus:ring-offset-primary rounded px-2 
py-1"[39m
      [33mhref[39m=[32m"/contacto"[39m
    [36m>[39m
      [0mContacto[0m
    [36m</a>[39m

    Ignored nodes: comments, script, style
    [36m<h4[39m
      [33mclass[39m=[32m"font-semibold text-sm uppercase tracking-wide 
mb-4"[39m
    [36m>[39m
      [0mContacto[0m
    [36m</h4>[39m

    (If this is intentional, then use the `*AllBy*` variant of the query (like 
`queryAllByText`, `getAllByText`, or `findAllByText`)).

    Ignored nodes: comments, script, style
    [36m<body>[39m
      [36m<div>[39m
        [36m<footer[39m
          [33mclass[39m=[32m"bg-primary text-white py-12 sm:py-16"[39m
        [36m>[39m
          [36m<div[39m
            [33mclass[39m=[32m"max-w-7xl mx-auto px-4 sm:px-6 lg:px-8"[39m
          [36m>[39m
            [36m<div[39m
              [33mclass[39m=[32m"grid grid-cols-1 md:grid-cols-4 gap-8 
mb-8"[39m
            [36m>[39m
              [36m<div[39m
                [33mclass[39m=[32m"md:col-span-1"[39m
              [36m>[39m
                [36m<h3[39m
                  [33mclass[39m=[32m"font-heading text-xl font-bold 
text-accent mb-3"[39m
                [36m>[39m
                  [0mLogika[0m
                [36m</h3>[39m
                [36m<p[39m
                  [33mclass[39m=[32m"text-sm text-gray-300"[39m
                [36m>[39m
                  [0mF├íbrica de muebles a medida en Bogot├í, Colombia. 
Dise├▒o, calidad y precisi├│n en cada proyecto.[0m
                [36m</p>[39m
              [36m</div>[39m
              [36m<div[39m
                [33mclass[39m=[32m"md:col-span-1"[39m
              [36m>[39m
                [36m<h4[39m
                  [33mclass[39m=[32m"font-semibold text-sm uppercase 
tracking-wide mb-4"[39m
                [36m>[39m
                  [0mNavegaci├│n[0m
                [36m</h4>[39m
                [36m<nav[39m
                  [33mclass[39m=[32m"flex flex-col space-y-2"[39m
                [36m>[39m
                  [36m<a[39m
                    [33mclass[39m=[32m"text-sm text-gray-300 
hover:text-accent transition-colors duration-200 focus:outline-none 
focus:ring-2 focus:ring-accent focus:ring-offset-2 focus:ring-offset-primary 
rounded px-2 py-1"[39m
                    [33mhref[39m=[32m"/"[39m
                  [36m>[39m
                    [0mInicio[0m
                  [36m</a>[39m
                  [36m<a[39m
                    [33mclass[39m=[32m"text-sm text-gray-300 
hover:text-accent transition-colors duration-200 focus:outline-none 
focus:ring-2 focus:ring-accent focus:ring-offset-2 focus:ring-offset-primary 
rounded px-2 py-1"[39m
                    [33mhref[39m=[32m"/catalogo"[39m
                  [36m>[39m
                    [0mCat├ílogo[0m
                  [36m</a>[39m
                  [36m<a[39m
                    [33mclass[39m=[32m"text-sm text-gray-300 
hover:text-accent transition-colors duration-200 focus:outline-none 
focus:ring-2 focus:ring-accent focus:ring-offset-2 focus:ring-offset-primary 
rounded px-2 py-1"[39m
                    [33mhref[39m=[32m"/nosotros"[39m
                  [36m>[39m
                    [0mNosotros[0m
                  [36m</a>[39m
                  [36m<a[39m
                    [33mclass[39m=[32m"text-sm text-gray-300 
hover:text-accent transition-colors duration-200 focus:outline-none 
focus:ring-2 focus:ring-accent focus:ring-offset-2 focus:ring-offset-primary 
rounded px-2 py-1"[39m
                    [33mhref[39m=[32m"/contacto"[39m
                  [36m>[39m
                    [0mContacto[0m
                  [36m</a>[39m
                [36m</nav>[39m
              [36m</div>[39m
              [36m<div[39m
                [33mclass[39m=[32m"md:col-span-1"[39m
              [36m>[39m
                [36m<h4[39m
                  [33mclass[39m=[32m"font-semibold text-sm uppercase 
tracking-wide mb-4"[39m
                [36m>[39m
                  [0mContacto[0m
                [36m</h4>[39m
                [36m<div[39m
                  [33mclass[39m=[32m"flex flex-col space-y-2 text-sm 
text-gray-300"[39m
                [36m>[39m
                  [36m<a[39m
                    [33mclass[39m=[32m"hover:text-accent transition-colors 
duration-200 focus:outline-none focus:ring-2 focus:ring-accent 
focus:ring-offset-2 focus:ring-offset-primary rounded px-2 py-1"[39m
                    [33mhref[39m=[32m"https://wa.me/57"[39m
                    [33mrel[39m=[32m"noopener noreferrer"[39m
                    [33mtarget[39m=[32m"_blank"[39m
                  [36m>[39m
                    [0mWhatsApp[0m
                  [36m</a>[39m
                  [36m<a[39m
                    [33mclass[39m=[32m"hover:text-accent transition-colors 
duration-200 focus:outline-none focus:ring-2 focus:ring-accent 
focus:ring-offset-2 focus:ring-offset-primary rounded px-2 py-1"[39m
                    
[33mhref[39m=[32m"https://instagram.com/logikadecoracion"[39m
                    [33mrel[39m=[32m"noopener noreferrer"[39m
                    [33mtarget[39m=[32m"_blank"[39m
                  [36m>[39m
                    [0mInstagram[0m
                  [36m</a>[39m
                  [36m<p[39m
                    [33mclass[39m=[32m"px-2 py-1"[39m
                  [36m>[39m
                    [0mBogot├í, Colombia[0m
                  [36m</p>[39m
                [36m</div>[39m
              [36m</div>[39m
              [36m<div[39m
                [33mclass[39m=[32m"md:col-span-1"[39m
              [36m>[39m
                [36m<h4[39m
                  [33mclass[39m=[32m"font-semibold text-sm uppercase 
tracking-wide mb-4"[39m
                [36m>[39m
                  [0mS├¡guenos[0m
                [36m</h4>[39m
                [36m<div[39m
                  [33mclass[39m=[32m"flex gap-4"[39m
                [36m>[39m
                  [36m<a[39m
                    [33maria-label[39m=[32m"Instagram"[39m
                    [33mclass[39m=[32m"text-accent hover:opacity-75 
transition-opacity duration-200 focus:outline-none focus:ring-2 
focus:ring-accent focus:ring-offset-2 focus:ring-offset-primary rounded 
p-2"[39m
                    
[33mhref[39m=[32m"https://instagram.com/logikadecoracion"[39m
                    [33mrel[39m=[32m"noopener noreferrer"[39m
                    [33mtarget[39m=[32m"_blank"[39m
                  [36m>[39m
                    [36m<svg[39m
                      [33maria-hidden[39m=[32m"true"[39m
                      [33mclass[39m=[32m"lucide lucide-messages-square"[39m
                      [33mfill[39m=[32m"none"[39m
                      [33mheight[39m=[32m"20"[39m
                      [33mstroke[39m=[32m"currentColor"[39m
                      [33mstroke-linecap[39m=[32m"round"[39m
                      [33mstroke-linejoin[39m=[32m"round"[39m
                      [33mstroke-width[39m=[32m"2"[39m
                      [33mviewBox[39m=[32m"0 0 24 24"[39m
                      [33mwidth[39m=[32m"20"[39m
                      [33mxmlns[39m=[32m"http://www.w3.org/2000/svg"[39m
                    [36m>[39m
                      [36m<path[39m
                        [33md[39m=[32m"M16 10a2 2 0 0 1-2 2H6.828a2 2 0 0 
0-1.414.586l-2.202 2.202A.71.71 0 0 1 2 14.286V4a2 2 0 0 1 2-2h10a2 2 0 0 1 2 
2z"[39m
                      [36m/>[39m
                      [36m<path[39m
                        [33md[39m=[32m"M20 9a2 2 0 0 1 2 2v10.286a.71.71 0 
0 1-1.212.502l-2.202-2.202A2 2 0 0 0 17.172 19H10a2 2 0 0 1-2-2v-1"[39m
                      [36m/>[39m
                    [36m</svg>[39m
                  [36m</a>[39m
                  [36m<a[39m
                    [33maria-label[39m=[32m"WhatsApp"[39m
                    [33mclass[39m=[32m"text-accent hover:opacity-75 
transition-opacity duration-200 focus:outline-none focus:ring-2 
focus:ring-accent focus:ring-offset-2 focus:ring-offset-primary rounded 
p-2"[39m
                    [33mhref[39m=[32m"https://wa.me/57"[39m
                    [33mrel[39m=[32m"noopener noreferrer"[39m
                    [33mtarget[39m=[32m"_blank"[39m
                  [36m>[39m
                    [36m<svg[39m
                      [33maria-hidden[39m=[32m"true"[39m
                      [33mclass[39m=[32m"lucide lucide-send"[39m
                      [33mfill[39m=[32m"none"[39m
                      [33mheight[39m=[32m"20"[39m
                      [33mstroke[39m=[32m"currentColor"[39m
                      [33mstroke-linecap[39m=[32m"round"[39m
                      [33mstroke-linejoin[39m=[32m"round"[39m
                      [33mstroke-width[39m=[32m"2"[39m
                      [33mviewBox[39m=[32m"0 0 24 24"[39m
                      [33mwidth[39m=[32m"20"[39m
                      [33mxmlns[39m=[32m"http://www.w3.org/2000/svg"[39m
                    [36m>[39m
                      [36m<path[39m
                        [33md[39m=[32m"M14.536 21.686a.5.5 0 0 0 
.937-.024l6.5-19a.496.496 0 0 0-.635-.635l-19 6.5a.5.5 0 0 0-.024.937l7.93 
3.18a2 2 0 0 1 1.112 1.11z"[39m
                      [36m/>[39m
                      [36m<path[39m
                        [33md[39m=[32m"m21.854 2.147-10.94 10.939"[39m
                      [36m/>[39m
                    [36m</svg>[39m
                  [36m</a>[39m
                [36m</div>[39m
              [36m</div>[39m
            [36m</div>[39m
            [36m<div[39m
              [33mclass[39m=[32m"border-t border-gray-700 my-8"[39m
            [36m/>[39m
            [36m<div[39m
              [33mclass[39m=[32m"text-center text-sm text-gray-400"[39m
            [36m>[39m
              [36m<p>[39m
                [0m┬® [0m
                [0m2026[0m
                [0m Logika Decoraci├│n. Todos los derechos reservados.[0m
              [36m</p>[39m
            [36m</div>[39m
          [36m</div>[39m
        [36m</footer>[39m
      [36m</div>[39m
    [36m</body>[39m

    [0m [90m  99 |[39m     it([32m'should render Contact 
section'[39m[33m,[39m () [33m=>[39m {
     [90m 100 |[39m       render([33m<[39m[33mFooter[39m 
[33m/[39m[33m>[39m)[33m;[39m
    [31m[1m>[22m[39m[90m 101 |[39m       [36mconst[39m contactSection 
[33m=[39m screen[33m.[39mgetByText([35m/Contacto/i[39m)[33m;[39m
     [90m     |[39m                                     [31m[1m^[22m[39m
     [90m 102 |[39m       
expect(contactSection)[33m.[39mtoBeInTheDocument()[33m;[39m
     [90m 103 |[39m     })[33m;[39m
     [90m 104 |[39m[0m

      at Object.getElementError 
(node_modules/@testing-library/dom/dist/config.js:37:19)
      at getElementError 
(node_modules/@testing-library/dom/dist/query-helpers.js:20:35)
      at getMultipleElementsFoundError 
(node_modules/@testing-library/dom/dist/query-helpers.js:23:10)
      at node_modules/@testing-library/dom/dist/query-helpers.js:55:13
      at node_modules/@testing-library/dom/dist/query-helpers.js:95:19
      at Object.getByText (components/layout/Footer.test.tsx:101:37)

PASS components/layout/Header.test.tsx
  ÔùÅ Console

    console.error
      Error: Not implemented: navigation (except hash changes)
          at module.exports (C:\Logika Decoracion\Web-Logika\node_modules\jsdom
\lib\jsdom\browser\not-implemented.js:9:17)
          at navigateFetch (C:\Logika Decoracion\Web-Logika\node_modules\jsdom\
lib\jsdom\living\window\navigation.js:77:3)
          at exports.navigate (C:\Logika Decoracion\Web-Logika\node_modules\jsd
om\lib\jsdom\living\window\navigation.js:55:3)
          at Timeout._onTimeout (C:\Logika Decoracion\Web-Logika\node_modules\j
sdom\lib\jsdom\living\nodes\HTMLHyperlinkElementUtils-impl.js:81:7)
          at listOnTimeout (node:internal/timers:588:17)
          at processTimers (node:internal/timers:523:7) {
        type: 'not implemented'
      }

      at VirtualConsole.<anonymous> 
(node_modules/jest-environment-jsdom/build/index.js:63:23)
      at module.exports 
(node_modules/jsdom/lib/jsdom/browser/not-implemented.js:12:26)
      at navigateFetch 
(node_modules/jsdom/lib/jsdom/living/window/navigation.js:77:3)
      at exports.navigate 
(node_modules/jsdom/lib/jsdom/living/window/navigation.js:55:3)
      at Timeout._onTimeout (node_modules/jsdom/lib/jsdom/living/nodes/HTMLHype
rlinkElementUtils-impl.js:81:7)

    console.error
      Warning: An update to ForwardRef(LinkComponent) inside a test was not 
wrapped in act(...).
      
      When testing, code that causes React state updates should be wrapped 
into act(...):
      
      act(() => {
        /* fire events that update state */
      });
      /* assert on the output */
      
      This ensures that you're testing the behavior the user would see in the 
browser. Learn more at https://reactjs.org/link/wrap-tests-with-act
          at childrenProp (C:\Logika 
Decoracion\Web-Logika\node_modules\next\src\client\link.tsx:300:16)
          at nav
          at header
          at Header (C:\Logika 
Decoracion\Web-Logika\components\layout\Header.tsx:30:47)

      at printWarning 
(node_modules/react-dom/cjs/react-dom.development.js:86:30)
      at error (node_modules/react-dom/cjs/react-dom.development.js:60:7)
      at warnIfUpdatesNotWrappedWithActDEV 
(node_modules/react-dom/cjs/react-dom.development.js:27628:9)
      at scheduleUpdateOnFiber 
(node_modules/react-dom/cjs/react-dom.development.js:25547:5)
      at dispatchSetState 
(node_modules/react-dom/cjs/react-dom.development.js:16708:7)
      at setVisible (node_modules/next/src/client/use-intersection.tsx:125:56)
      at cb (node_modules/next/src/client/request-idle-callback.ts:8:7)
      at Timeout.task [as _onTimeout] 
(node_modules/jsdom/lib/jsdom/browser/Window.js:520:19)

    console.error
      Warning: An update to ForwardRef(LinkComponent) inside a test was not 
wrapped in act(...).
      
      When testing, code that causes React state updates should be wrapped 
into act(...):
      
      act(() => {
        /* fire events that update state */
      });
      /* assert on the output */
      
      This ensures that you're testing the behavior the user would see in the 
browser. Learn more at https://reactjs.org/link/wrap-tests-with-act
          at childrenProp (C:\Logika 
Decoracion\Web-Logika\node_modules\next\src\client\link.tsx:300:16)
          at div
          at nav
          at header
          at Header (C:\Logika 
Decoracion\Web-Logika\components\layout\Header.tsx:30:47)

      at printWarning 
(node_modules/react-dom/cjs/react-dom.development.js:86:30)
      at error (node_modules/react-dom/cjs/react-dom.development.js:60:7)
      at warnIfUpdatesNotWrappedWithActDEV 
(node_modules/react-dom/cjs/react-dom.development.js:27628:9)
      at scheduleUpdateOnFiber 
(node_modules/react-dom/cjs/react-dom.development.js:25547:5)
      at dispatchSetState 
(node_modules/react-dom/cjs/react-dom.development.js:16708:7)
      at setVisible (node_modules/next/src/client/use-intersection.tsx:125:56)
      at cb (node_modules/next/src/client/request-idle-callback.ts:8:7)
      at Timeout.task [as _onTimeout] 
(node_modules/jsdom/lib/jsdom/browser/Window.js:520:19)

    console.error
      Warning: An update to ForwardRef(LinkComponent) inside a test was not 
wrapped in act(...).
      
      When testing, code that causes React state updates should be wrapped 
into act(...):
      
      act(() => {
        /* fire events that update state */
      });
      /* assert on the output */
      
      This ensures that you're testing the behavior the user would see in the 
browser. Learn more at https://reactjs.org/link/wrap-tests-with-act
          at childrenProp (C:\Logika 
Decoracion\Web-Logika\node_modules\next\src\client\link.tsx:300:16)
          at div
          at nav
          at header
          at Header (C:\Logika 
Decoracion\Web-Logika\components\layout\Header.tsx:30:47)

      at printWarning 
(node_modules/react-dom/cjs/react-dom.development.js:86:30)
      at error (node_modules/react-dom/cjs/react-dom.development.js:60:7)
      at warnIfUpdatesNotWrappedWithActDEV 
(node_modules/react-dom/cjs/react-dom.development.js:27628:9)
      at scheduleUpdateOnFiber 
(node_modules/react-dom/cjs/react-dom.development.js:25547:5)
      at dispatchSetState 
(node_modules/react-dom/cjs/react-dom.development.js:16708:7)
      at setVisible (node_modules/next/src/client/use-intersection.tsx:125:56)
      at cb (node_modules/next/src/client/request-idle-callback.ts:8:7)
      at Timeout.task [as _onTimeout] 
(node_modules/jsdom/lib/jsdom/browser/Window.js:520:19)

    console.error
      Warning: An update to ForwardRef(LinkComponent) inside a test was not 
wrapped in act(...).
      
      When testing, code that causes React state updates should be wrapped 
into act(...):
      
      act(() => {
        /* fire events that update state */
      });
      /* assert on the output */
      
      This ensures that you're testing the behavior the user would see in the 
browser. Learn more at https://reactjs.org/link/wrap-tests-with-act
          at childrenProp (C:\Logika 
Decoracion\Web-Logika\node_modules\next\src\client\link.tsx:300:16)
          at div
          at nav
          at header
          at Header (C:\Logika 
Decoracion\Web-Logika\components\layout\Header.tsx:30:47)

      at printWarning 
(node_modules/react-dom/cjs/react-dom.development.js:86:30)
      at error (node_modules/react-dom/cjs/react-dom.development.js:60:7)
      at warnIfUpdatesNotWrappedWithActDEV 
(node_modules/react-dom/cjs/react-dom.development.js:27628:9)
      at scheduleUpdateOnFiber 
(node_modules/react-dom/cjs/react-dom.development.js:25547:5)
      at dispatchSetState 
(node_modules/react-dom/cjs/react-dom.development.js:16708:7)
      at setVisible (node_modules/next/src/client/use-intersection.tsx:125:56)
      at cb (node_modules/next/src/client/request-idle-callback.ts:8:7)
      at Timeout.task [as _onTimeout] 
(node_modules/jsdom/lib/jsdom/browser/Window.js:520:19)

    console.error
      Warning: An update to ForwardRef(LinkComponent) inside a test was not 
wrapped in act(...).
      
      When testing, code that causes React state updates should be wrapped 
into act(...):
      
      act(() => {
        /* fire events that update state */
      });
      /* assert on the output */
      
      This ensures that you're testing the behavior the user would see in the 
browser. Learn more at https://reactjs.org/link/wrap-tests-with-act
          at childrenProp (C:\Logika 
Decoracion\Web-Logika\node_modules\next\src\client\link.tsx:300:16)
          at div
          at nav
          at header
          at Header (C:\Logika 
Decoracion\Web-Logika\components\layout\Header.tsx:30:47)

      at printWarning 
(node_modules/react-dom/cjs/react-dom.development.js:86:30)
      at error (node_modules/react-dom/cjs/react-dom.development.js:60:7)
      at warnIfUpdatesNotWrappedWithActDEV 
(node_modules/react-dom/cjs/react-dom.development.js:27628:9)
      at scheduleUpdateOnFiber 
(node_modules/react-dom/cjs/react-dom.development.js:25547:5)
      at dispatchSetState 
(node_modules/react-dom/cjs/react-dom.development.js:16708:7)
      at setVisible (node_modules/next/src/client/use-intersection.tsx:125:56)
      at cb (node_modules/next/src/client/request-idle-callback.ts:8:7)
      at Timeout.task [as _onTimeout] 
(node_modules/jsdom/lib/jsdom/browser/Window.js:520:19)


Test Suites: 2 failed, 3 passed, 5 total
Tests:       3 failed, 68 passed, 71 total
Snapshots:   0 total
Time:        6.003 s
Ran all test suites.
